2026-02-05 18:51:52,470 - replication - DEBUG - [core.utils] File logging configured: ./data/original/9/python/_log/extract.log
2026-02-05 18:51:52,470 - replication - INFO - Running Stage 1: original study extraction
2026-02-05 18:52:29,048 - replication - INFO - === GENERATED PROMPT (Stage 1) ===
You are an information extraction assistant tasked with filling out a structured JSON template based on research documents.

You will be provided with:
1. A JSON template where each key contains a description of what is expected
2. The original paper manuscript (original_paper.pdf)
3. Initial details file (initial_details_easy.txt) containing:
   - Claim statement (use this directly, do not extract from paper)
   - Hypotheses (use these directly, do not extract from paper)

Your goal is to:
- For 'claim.statement' field: Use the exact statement from initial_details_easy.txt
- For 'hypotheses' field: Use the exact list from initial_details_easy.txt
- For all other fields: Extract content only from original_paper.pdf
- Leave fields as `not stated` if information isn't found in the designated source

Output Requirements:
- Return a valid JSON object only.
- Do NOT wrap the output in markdown (no ```json).
- Do NOT include extra text, commentary, or notes.

Begin extraction using the provided schema below and the file contents. Ensure accuracy and completeness.
- Strictly use provided sources as specified.

Here is the JSON template, and its values represent descriptions of what is expected to be stored in each key:

{
  "original_study": {
    "claim": {
      "hypotheses": "A testable hypothesis based on the claim",
      "hypotheses_location": "Specific location where the hypotheses is stated in the original paper",
      "statement": "The main claim made by the original study that matches the claim given as an input.",
      "statement_location": "Specific location where the claim is stated in the original paper.",
      "study_type": "Type of study (Experimental, Observational, Meta-Analysis)"
    },
    "data": {
      "source": "Data Source (e.g., survey, database)",
      "wave_or_subset": "Specific waves or subsets (if applicable)",
      "sample_size": "Sample size of the selected data (if applicable)",
      "unit_of_analysis": "Unit of analysis (e.g., individual, household)",
      "access_details": "Access details (e.g., restrictions, request process)",
      "notes": "Any additional information or caveats (e.g., encoding issues, nested structure, missing metadata, unusual column formats)"
    },
    "method": {
      "description": "Narrative summary of how the study was conducted.",
      "steps": "Ordered list of procedural steps to reproduce the study.",
      "models": "Models or statistical approach (e.g., regression type)",
      "outcome_variable": "Dependent/outcome variable measured or analyzed",
      "independent_variables": "Primary variables expected to influence the outcome",
      "control_variables": "Variables controlled for in the analysis",
      "tools_software": "Tools or software specifics (e.g., mentions of R, Python, packages)"
    },
    "results": {
      "summary": "Narrative summary of the main results or findings from the original study.",
      "numerical_results": [
        {
          "outcome_name": "Name or label of the outcome (e.g., 'test_score', 'conversion_rate')",
          "value": "Numeric result value (e.g., 0.45)",
          "unit": "Optional unit of measurement (e.g., %, points, ms)",
          "effect_size": "Optional effect size (e.g., Cohen's d, odds ratio)",
          "confidence_interval": {
            "lower": "Lower bound (e.g., 0.32)",
            "upper": "Upper bound (e.g., 0.58)",
            "level": "Confidence level, e.g., 95"
          },
          "p_value": "Optional p-value associated with the result (e.g., 0.001)",
          "statistical_significance": "Boolean indicating if result is statistically significant",
          "direction": "Qualitative direction of the effect (positive, negative, or null) based on the sign and magnitude of the reported result."
        }
      ]
    },
    "metadata": {
      "original_paper_id": "DOI or unique identifier.",
      "original_paper_title": "Title of the original paper.",
      "original_paper_code": "Link to the original study's codebase.",
      "original_paper_data": "Link to the original study's dataset(s)."
    }
  }
}

Please return only a completed JSON object appropriate for this stage.
2026-02-05 18:52:29,050 - replication - INFO - 

=== GENERATED MESSAGE (Stage 1) ===
Extract stage 1 (original study) information.

You are tasked with extracting structured information from the following text based on the given instructions.

=== START OF FILE CONTENT ===

---
**original_paper.pdf**
--- PDF SUMMARY (Document was 20 pages long) ---
The document was too long to read directly, so here is a detailed summary of all sections:

In this study, Josephine T. Andrews and Jeannette Money examine the relationship between the number of political parties in a system and the dispersion of their policy positions, employing data from the Comparative Manifesto Project for twenty established parliamentary democracies. Their analysis suggests that as the number of parties increases, the dispersion also increases, but this effect only holds up to about five parties, beyond which the policy space does not expand further. Notably, the study finds that electoral rules do not have a direct effect on party dispersion once the number of parties is accounted for.

Key methodologies include leveraging historical election data from after World War II until the 1990s and analyzing these within the framework of spatial theory, specifically as conceptualized by Anthony Downs. The authors' research aligns with the spatial model predictions, showing that while two-party systems tend to converge towards the median voter, multi-party systems exhibit increased ideological dispersion.

The study references previous theoretical work, particularly that of Gary Cox, who explored the relationship between electoral rules and party dispersion, and Samuel Merrill and James Adams who analyzed the impact of voter biases and competition on party positioning. Andrews and Money's findings confirm these theories by showing empirical evidence that the number of parties is a significant determinant of whether party positions converge or diverge.

The study concludes that while two-party systems create centralizing forces, multi-party systems encourage dispersion. The results echo previous predictions that electoral rules impact party locations indirectly by influencing the number of parties. This research provides empirical backing to the theoretical expectations and suggests paths for future exploration into the constraints of policy space.

The article investigates how the number of political parties in a system affects party dispersion by analyzing multi-candidate elections within different voting frameworks. Prior empirical studies on this topic have shown mixed results. Jay Dow found that parties tend to be more dispersed in proportional electoral systems than in majoritarian ones, which typically have fewer parties. In contrast, Lawrence Ezrow found that parties increase their vote share by positioning close to the median voter, arguing against increased dispersion with more parties.

The authors aim to provide conclusive evidence on party dispersion using data from twenty countries. They concluded that party dispersion increases as the number of parties rises but only up to five parties. In systems with five or more parties, the dispersion levels off. Additionally, they found that electoral rules influence party positioning only indirectly, contrasting with previous assumptions.

To measure the number of parties, two methods are employed: Sartori's approach, which includes only relevant parties that influence policymaking, and Laakso and Taagepera's method, which accounts for seat share to measure the "effective" number of parties. Under Sartori's method, a party must consistently win at least 1% of parliamentary seats to be counted.

The article concludes that while dispersion increases with the number of parties, it is bounded and suggests a finite policy space where parties operate. Using both a count of parties and the "effective number of parties" calculation, the study characterizes systems with 2 to 13 parties (mean of 5.4) and effective parties ranging from 1.5 to 8.4 (mean of 3.4). This dual approach allows the authors to contrast two-party systems against multiparty ones and assess dispersion in various electoral frameworks.

The paper examines party systems using two measures: the authors' method of counting parties and the "effective number of parties" measure, finding a high correlation (0.84) but demonstrating that their method identifies more systems with a higher number of parties, particularly five or more, compared to the other measure that frequently categorizes systems as two-party or three-party. A detailed comparison is provided in Table 1, listing the number of country election year cases for a range of party numbers, demonstrating variances between systems having from 2 to 11 or more parties.

The study employs a two-dimensional policy space to analyze party positions, arguing that it captures international variations better than a single left-right dimension. This approach aligns with Benoit and Laver's recommendation for using more than one dimension to reflect the complexities across different countries.

For the analysis, twenty parliamentary democracies were included, covering a range of electoral systems and party numbers. The study uses data from the Comparative Manifesto Project (CMP) to determine party policy positions, focusing on economic and social policy dimensions. Party positions are estimated through principal components analysis, with consistency checks aligning with other research measures like those of Laver and Garry. Despite some contention around measuring social dimensions specifically, the economic dimension shows high correlation with established metrics (0.96). 

Conclusions stress the significance of using a two-dimensional policy space for international party position analysis and highlight the importance of capturing policy variations that a single-dimension may overlook. The study suggests that comprehensive international comparisons require more nuanced methodologies to adequately reflect cross-country differences in party systems and policy standings.

The technical document presents a study on political party dispersion within policy spaces across multiple countries, focusing on economic and social policy dimensions. The study uses principal components analysis to construct a two-dimensional policy space that captures party platforms from various countries, aiming to differentiate policy positions more accurately than a single "left-right" dimension.

Key methodologies include a classification into two distinct policy dimensions: economic and social. The economic policy dimension includes categories such as government efficiency, free enterprise, and welfare state policies, while the social policy dimension covers issues like environmental protection, social justice, and national way of life. Data from twenty countries were analyzed, resulting in maps of party dispersion across different party systems.

The study's metrics involve calculating the distance between the most extreme parties in a system along each dimension contributing to a measure of dispersion. Two measures of the effective number of parties (count and seat-share weighted) are used to assess the level of dispersion:

- For party systems by count, economic dispersion ranges from 0.125 to 11.475 with a mean of 3.1; social dispersion ranges from 0.05 to 7.625 with a mean of 1.4.
- For systems classified by effective number, economic dispersion is 0.025 to 8.3 with a mean of 2.45, while social dispersion is 0.025 to 6.25 with a mean of 1.45.
- The correlation of dispersion measures is 0.71 for economic and 0.8 for social dimensions.

Empirical analysis results highlight greater dispersion in multi-party systems compared to two-party systems and explore the impact of the electoral system's restrictiveness on dispersion. The data indicates larger dispersion in systems with more parties. The study also compares dimensions of dispersion based on policy space expanse and the distance from the center, providing evidence that centrifugal forces increase with the number of parties.

Finally, a simple comparison shows that party dispersion is consistently greater in multi-party systems versus two-party systems, as well as in proportional versus single-member district electoral systems. Overall, the study concluded that both policy space dimensions show consistent findings, regardless of the measure used to define party system size.

The study examines the spatial structure of party competition, focusing on the dispersion of parties in two-party and multi-party systems. Key findings are:

1. **Methodology**:
   - Party systems are classified using a 1% seat share criterion and the effective number of parties measure.
   - Comparisons of mean dispersions were made using both party count and effective number of parties measures.
   - Regression analysis was used to evaluate the respective contributions of the number of parties versus electoral rules on party dispersion, using natural log transformations of the variables.

2. **Metrics and Results**:
   - Mean dispersion of parties increases with the number of parties, stabilizing at about five parties across both economic and social policy dimensions.
   - Two-party systems had a mean economic policy distance of 1.72, increasing to 3.92 in five-party systems. Similarly, social policy distances increased from 0.58 to 2.26 as party numbers increased up to five.
   - Statistically significant increases in party dispersion were observed from two-party to four-party systems, but not beyond five-party systems.
   - Proportional systems showed slightly greater party dispersion compared to single-member district systems, but these differences decreased when controlling for the number of parties.
   - Regression analysis showed that the number of parties significantly affects party dispersion, while electoral rules, such as single-member districts versus proportional representation, had no independent effect.

3. **Conclusions**:
   - The number of parties significantly influences party dispersion more than electoral rules.
   - Multi-party systems provide a greater range of policy alternatives than two-party systems.
   - Mean dispersion of parties stabilizes beyond five parties, indicating limited additional policy space expansion with more parties.

This analysis confirms that party systems with more parties offer a broader scope of policy options, reinforcing the view that voters in multi-party systems have more diverse choices compared to those in two-party systems.

The study investigates the spatial structure of party competition with a focus on two-party systems and their dispersion in policy dimensions. The key methodologies include the measurement of median district magnitude based on Cox’s work, and the analysis of spatial predictions from models by Cox, Merrill, Adams, and McGann. The study uses the effective number of parties (ENP) as a metric, with an ENP of 1.65 identified for two-party systems. Results indicate that even in systems where only two parties gain over 1% of seats, the mean dispersion is 1.71, highlighting significant distance between parties.

The study's significant findings note that party dispersion increases with the number of parties but only to a point, specifically up to five parties. Beyond this, additional parties do not expand the policy space, as they struggle to establish distinctive ideologies. This bounded policy space is observed along both economic and social dimensions. 

Regression analysis results show significant relationships between the natural log of the number of parties and the dispersion in economic (Model 1a: 0.39, Model 2a: 0.46) and social policy dimensions (Model 1b: 0.87, Model 2b: 0.76), with noted R² values ranging from 0.19 to 0.31. The study concludes that the ideological space between parties diminishes as their number increases, reinforcing the notion that the policy space is constrained by both party differentiation needs and voter preferences.

Future investigations are suggested to explore the reciprocal relationship between voter preferences and party platforms, considering how both might limit or expand the policy space.

=== CODE RELATED FILES ===

=== DATASET FILES ===
=== END OF FILE CONTENT ===
2026-02-05 18:52:35,354 - replication - INFO - Updated metadata for extract_stage_1 in ./data/original/9/python/metadata.json
