2026-02-05 18:46:04,841 - replication - DEBUG - [core.utils] File logging configured: ./data/original/3/python/_log/extract.log
2026-02-05 18:46:04,841 - replication - INFO - Running Stage 1: original study extraction
2026-02-05 18:46:32,947 - replication - INFO - === GENERATED PROMPT (Stage 1) ===
You are an information extraction assistant tasked with filling out a structured JSON template based on research documents.

You will be provided with:
1. A JSON template where each key contains a description of what is expected
2. The original paper manuscript (original_paper.pdf)
3. Initial details file (initial_details_easy.txt) containing:
   - Claim statement (use this directly, do not extract from paper)
   - Hypotheses (use these directly, do not extract from paper)

Your goal is to:
- For 'claim.statement' field: Use the exact statement from initial_details_easy.txt
- For 'hypotheses' field: Use the exact list from initial_details_easy.txt
- For all other fields: Extract content only from original_paper.pdf
- Leave fields as `not stated` if information isn't found in the designated source

Output Requirements:
- Return a valid JSON object only.
- Do NOT wrap the output in markdown (no ```json).
- Do NOT include extra text, commentary, or notes.

Begin extraction using the provided schema below and the file contents. Ensure accuracy and completeness.
- Strictly use provided sources as specified.

Here is the JSON template, and its values represent descriptions of what is expected to be stored in each key:

{
  "original_study": {
    "claim": {
      "hypotheses": "A testable hypothesis based on the claim",
      "hypotheses_location": "Specific location where the hypotheses is stated in the original paper",
      "statement": "The main claim made by the original study that matches the claim given as an input.",
      "statement_location": "Specific location where the claim is stated in the original paper.",
      "study_type": "Type of study (Experimental, Observational, Meta-Analysis)"
    },
    "data": {
      "source": "Data Source (e.g., survey, database)",
      "wave_or_subset": "Specific waves or subsets (if applicable)",
      "sample_size": "Sample size of the selected data (if applicable)",
      "unit_of_analysis": "Unit of analysis (e.g., individual, household)",
      "access_details": "Access details (e.g., restrictions, request process)",
      "notes": "Any additional information or caveats (e.g., encoding issues, nested structure, missing metadata, unusual column formats)"
    },
    "method": {
      "description": "Narrative summary of how the study was conducted.",
      "steps": "Ordered list of procedural steps to reproduce the study.",
      "models": "Models or statistical approach (e.g., regression type)",
      "outcome_variable": "Dependent/outcome variable measured or analyzed",
      "independent_variables": "Primary variables expected to influence the outcome",
      "control_variables": "Variables controlled for in the analysis",
      "tools_software": "Tools or software specifics (e.g., mentions of R, Python, packages)"
    },
    "results": {
      "summary": "Narrative summary of the main results or findings from the original study.",
      "numerical_results": [
        {
          "outcome_name": "Name or label of the outcome (e.g., 'test_score', 'conversion_rate')",
          "value": "Numeric result value (e.g., 0.45)",
          "unit": "Optional unit of measurement (e.g., %, points, ms)",
          "effect_size": "Optional effect size (e.g., Cohen's d, odds ratio)",
          "confidence_interval": {
            "lower": "Lower bound (e.g., 0.32)",
            "upper": "Upper bound (e.g., 0.58)",
            "level": "Confidence level, e.g., 95"
          },
          "p_value": "Optional p-value associated with the result (e.g., 0.001)",
          "statistical_significance": "Boolean indicating if result is statistically significant",
          "direction": "Qualitative direction of the effect (positive, negative, or null) based on the sign and magnitude of the reported result."
        }
      ]
    },
    "metadata": {
      "original_paper_id": "DOI or unique identifier.",
      "original_paper_title": "Title of the original paper.",
      "original_paper_code": "Link to the original study's codebase.",
      "original_paper_data": "Link to the original study's dataset(s)."
    }
  }
}

Please return only a completed JSON object appropriate for this stage.
2026-02-05 18:46:32,948 - replication - INFO - 

=== GENERATED MESSAGE (Stage 1) ===
Extract stage 1 (original study) information.

You are tasked with extracting structured information from the following text based on the given instructions.

=== START OF FILE CONTENT ===

---
**original_paper.pdf**
--- PDF SUMMARY (Document was 18 pages long) ---
The document was too long to read directly, so here is a detailed summary of all sections:

The paper investigates the factors influencing the uneven spread of COVID-19 across countries, focusing on environmental, economic, and social factors such as temperature, economic openness, and political democracy. Using simple statistical methods, including least squares estimation, the study finds that COVID-19 cases are higher in countries with lower yearly average temperatures, higher economic openness, and stronger political democracy. However, the study cautions that these findings should not be interpreted as causation but rather as indicative correlations.

Key observations in the paper include:
- The virus spread rapidly worldwide, infecting millions and causing thousands of deaths just a few months after its emergence in Wuhan, China.
- Variations in infection rates across countries suggest possible influences from factors beyond biological properties.
- International connection, measured by economic openness, is proposed as a significant factor in virus transmission.
- The study also suggests that countries with higher social activities, often found in more democratic societies, could have higher infection rates.

Trends in COVID-19 spread include:
- Initial clusters in countries like Thailand, Japan, and the USA were followed by rapid spread in Europe and the USA, with Italy experiencing a sudden spike of 6,230 new cases on 16 March 2020.
- The US experienced a smoother upward trend in new cases, while India, an initially less affected country, began to exhibit fluctuations in new case numbers.
- Countries like China, Europe, and the USA showed similar steepness in infection rate trajectories, albeit differing in timing.

The paper concludes that while certain environmental, economic, and social characteristics appear to correlate with higher COVID-19 case numbers, definitive causal relationships cannot be established without further clinical experimentation. The author's approach provides preliminary insights, highlighting the complexity of pandemic spread and the multifaceted nature of interactions between a virus and society.

The paper investigates the spread of COVID-19 by exploring the effects of environmental, social, and economic factors on the number of infection cases per million people across countries. Data for the study was sourced from various places, including the European Centre for Disease Prevention and Control (ECDC), meteoblue.com, indexmundi.com, World Bank Databank, and Wikipedia, covering 163 countries. The study used data from December 31, 2019, to April 3, 2020.

Key Methodologies:
1. The research utilized regression models to study determinants of COVID-19 spread. 
2. The primary dependent variable was the total number of infection cases per one million people, observed on April 3, 2020.
3. Explanatory variables included yearly average temperature (X1), yearly average precipitation (X2), economic openness (X3), democracy index (X4), and population density (X5).
4. Two types of regression models were proposed: one with only explanatory variables and another including lagged values of the dependent variable to account for time series elements.

Specific Metrics & Results:
1. The basic regression model: 𝑌𝑖 = 𝛿 + 𝜇1𝑋1𝑖 + 𝜇2𝑋2𝑖 + 𝜇3𝑋3𝑖 + 𝜇4𝑋4𝑖 + 𝛽5𝑋5𝑖 + 𝑣𝑖, where 𝑌𝑖 is the number of cases per million people.
2. Extended model included lagged terms to account for past values of infections.
3. Multicollinearity was addressed by regressing the lagged dependent variable on explanatory variables and using residuals for further analysis.

Conclusions:
- The paper concluded that biological and non-biological factors influence the spread of COVID-19. 
- Environmental factors, such as temperature and precipitation, along with social and economic variables like openness and population density, played roles in the spread.
- The autoregressive approach with modifications provided insights into the linkage between infection severities and selected variables.
- The model suggested that previous infection values significantly influence current infection rates, and accounting for these lagged effects is crucial in understanding the pandemic's progression.

Overall, the study highlighted how environmental conditions and socio-economic factors contribute to the spread of COVID-19 across different countries, underlining the complexity of pandemic modeling.

The study utilizes the Least Squares method to analyze the impact of yearly average temperature, economic openness, and political democracy on the spread of SARS-CoV-2 across 163 countries, with data analyzed as of April 3, 2020. Methodologies involved model transformations using proxy variables and regressions executed with software tools like Excel, STATA, and EVIEWS. The research initially included variables like precipitation and population density, which were later excluded due to insignificance. Estimation involved experimenting with lags from 1 to 9, and models with no lag, lag 1, and lag 9 were evaluated.

Key findings include:
- Temperature coefficients were observed to be negative (-16.55022), suggesting warmer countries experience fewer infections.
- Openness and democracy coefficients were positive (2.687991 and 86.76467, respectively), indicating higher vulnerability in more open and democratic countries due to increased international interactions and social activities.
- Precipitation had no significant effect on infection rates.

The results showed high stability across models despite misspecifications such as heteroscedasticity and violations of normality assumption, though they were free from high multicollinearity and, in most cases, autocorrelation. The study concludes that higher average temperatures, lower international trade, and less democratic governance may correlate with fewer COVID-19 cases, but emphasizes the need for cautious interpretation since statistical correlation does not imply causation. Future research suggestions include incorporating additional variables like urbanization and globalization levels and conducting a panel data analysis to assess government intervention effects.

Diagnostics:
- Model fits were tested using measures like adjusted \( R^2 \) and standard error of regression.
- Diagnostic tests indicated issues with heteroscedasticity but ruled out significant autocorrelation.

Overall, the analysis points to potential environmental and social factors influencing COVID-19 spread, though it calls for clinical validation of these statistical relationships.

=== CODE RELATED FILES ===

=== DATASET FILES ===
=== END OF FILE CONTENT ===
2026-02-05 18:46:57,220 - replication - INFO - Updated metadata for extract_stage_1 in ./data/original/3/python/metadata.json
